
 RUN  v3.2.4 C:/Users/nacho/git/tb303-synth/.claude/worktrees/feat+plugin-system

 ✓ src/modulation/lfo-trigger-mode.test.ts (2 tests) 31ms
 ✓ src/modulation/voice-mod-binding.test.ts (8 tests) 43ms
 ✓ src/core/strip-ducker.dsp.test.ts (2 tests) 56ms
 ✓ src/core/sidechain-bus.test.ts (7 tests) 119ms
 ✓ src/modulation/lfo-voice-sync.test.ts (4 tests) 66ms
 ✓ src/core/fx.test.ts (9 tests) 140ms
 ✓ src/engines/karplus-shared-mods.test.ts (1 test) 257ms
 ✓ src/engines/fm-shared-mods.test.ts (1 test) 266ms
 ✓ src/engines/tb303.dsp.test.ts (6 tests) 50ms
 ✓ src/engines/fm.dsp.test.ts (5 tests) 50ms
 ✓ src/engines/tb303-shared-mods.test.ts (1 test) 86ms
 ✓ src/engines/subtractive-active-mods.test.ts (1 test) 92ms
 ✓ src/engines/drums-engine.test.ts (10 tests) 99ms
 ✓ src/engines/subtractive-shared-mods.test.ts (2 tests) 105ms
 ✓ src/engines/subtractive.dsp.test.ts (5 tests) 79ms
 ✓ src/engines/subtractive-double-routing.test.ts (1 test) 108ms
 ✓ src/engines/subtractive-lfo-rate-change.test.ts (2 tests) 122ms
 ✓ src/engines/tb303-mod-range.test.ts (3 tests) 116ms
 ✓ src/engines/tb303.test.ts (11 tests) 114ms
 ✓ src/engines/wavetable-shared-mods.test.ts (1 test) 314ms
   ✓ WavetableEngine — shared modulator voices > createVoice reuses the same engineModVoices across calls  313ms
 ✓ src/polysynth/polysynth-modbus.test.ts (2 tests) 17ms
 ✓ src/presets/preset-sanity.test.ts (30 tests) 20ms
 ✓ src/engines/karplus.dsp.test.ts (3 tests) 24ms
 ✓ src/engines/fm.test.ts (8 tests) 18ms
 ✓ src/session/session-knobs-per-lane.dsp.test.ts (1 test) 33ms
 ✓ src/polysynth/polysynth-mode.test.ts (4 tests) 15ms
 ✓ src/engines/subtractive-lfo-routing.dsp.test.ts (12 tests) 355ms
 ✓ src/polysynth/polysynth-voicecap.test.ts (3 tests) 14ms
 ✓ src/core/ducker-subgraph.wiring.test.ts (2 tests) 13ms
 ✓ src/modulation/adsr-voice.wiring.test.ts (5 tests) 9ms
 ✓ src/engines/wavetable.dsp.test.ts (6 tests) 493ms
 ✓ src/core/master-comp.dsp.test.ts (1 test) 8ms
 ✓ src/core/comp-block.dsp.test.ts (2 tests) 11ms
 ✓ src/performance/arrangement-ops.test.ts (15 tests) 8ms
 ✓ src/modulation/lfo-voice.wiring.test.ts (3 tests) 11ms
 ✓ src/modulation/modulation-host.test.ts (9 tests) 5ms
 ✓ src/session/session-clip-ops.test.ts (21 tests) 8ms
 ✓ src/presets/preset-loader.test.ts (9 tests) 8ms
 ✓ src/engines/subtractive.test.ts (6 tests) 7ms
 ✓ src/core/lane-scheduler.test.ts (6 tests) 6ms
 ✓ src/performance/rec-state.test.ts (8 tests) 6ms
 ✓ src/session/session-runtime.test.ts (12 tests) 9ms
 ✓ src/modulation/connection-binder.test.ts (8 tests) 5ms
 ✓ src/core/synth.test.ts (2 tests) 6ms
 ✓ src/midi/midi-to-session.test.ts (5 tests) 5ms
 ✓ src/midi/gm-lookup.test.ts (15 tests) 7ms
 ✓ src/performance/arrangement-runtime.test.ts (9 tests) 6ms
 ✓ src/core/comp-state.test.ts (12 tests) 5ms
 ✓ src/engines/wavetable.test.ts (6 tests) 5ms
 ✓ src/core/notes.test.ts (7 tests) 5ms
 ✓ src/demo/demo-loader.test.ts (2 tests) 5ms
 ✓ src/midi/midi-parse.test.ts (4 tests) 6ms
 ✓ src/engines/registry-boot.test.ts (10 tests) 4ms
 ✓ src/core/history.test.ts (13 tests) 5ms
 ✓ src/midi/gm-coverage.test.ts (2 tests) 5ms
 ✓ src/session/session-migration.test.ts (5 tests) 5ms
 ✓ src/engines/karplus.test.ts (6 tests) 5ms
 ✓ src/modulation/rate-sync.test.ts (9 tests) 4ms
 ✓ src/session/session-runtime-rec.test.ts (2 tests) 4ms
 ✓ src/modulation/waveform.test.ts (11 tests) 4ms
 ✓ src/session/session-engine-state.test.ts (7 tests) 4ms
 ✓ src/plugins/registry.test.ts (4 tests) 4ms
 ✓ src/engines/engine-params.test.ts (5 tests) 4ms
 ✓ src/modulation/adsr-curve.test.ts (10 tests) 5ms
 ✓ src/session/clip-editors/clip-editor-drum-grid.test.ts (2 tests) 4ms
 ✓ src/core/mute-solo.test.ts (5 tests) 4ms
 ✓ src/performance/performance.test.ts (2 tests) 3ms
 ✓ src/core/lane-display.test.ts (7 tests) 4ms
 ✓ src/modulation/types.test.ts (5 tests) 3ms
 ✓ src/engines/drum-gm-map.test.ts (4 tests) 3ms
 ✓ src/save/saved-state-v3.performance.test.ts (2 tests) 3ms
 ✓ src/performance/arrangement.dsp.test.ts (1 test) 3ms
 ✓ src/core/select-control.test.ts (3 tests) 3ms
 ✓ src/plugins/synth-engine-adapter.test.ts (2 tests) 3ms
 ✓ src/core/lane-resources.test.ts (2 tests) 2ms
 ✓ src/core/transport-state.test.ts (2 tests) 3ms
 ✓ src/session/session.test.ts (2 tests) 2ms
 ✓ src/app/plugin-bootstrap.test.ts (2 tests) 2ms
 ✓ src/engines/engine-selector-ui.test.ts (1 test) 2ms
 ✓ src/session/session-host-presets.test.ts (2 tests) 2ms
 ✓ src/session/session-add-lane.test.ts (10 tests) 3ms
 ✓ src/core/drums.dsp.test.ts (51 tests) 1956ms
⎯⎯⎯⎯⎯⎯ Unhandled Errors ⎯⎯⎯⎯⎯⎯

Vitest caught 2 unhandled errors during the test run.
This might cause false positive tests. Resolve unhandled errors to make sure your tests are not affected.

⎯⎯⎯⎯⎯⎯ Unhandled Error ⎯⎯⎯⎯⎯⎯⎯
Error: Cannot find package 'jsdom' imported from C:\Users\nacho\git\tb303-synth\node_modules\vitest\dist\chunks\index.CmSc2RE5.js
 ❯ Object.getPackageJSONURL node:internal/modules/package_json_reader:267:9
 ❯ packageResolve node:internal/modules/esm/resolve:768:81
 ❯ moduleResolve node:internal/modules/esm/resolve:854:18
 ❯ defaultResolve node:internal/modules/esm/resolve:984:11
 ❯ ModuleLoader.defaultResolve node:internal/modules/esm/loader:780:12
 ❯ ModuleLoader.#cachedDefaultResolve node:internal/modules/esm/loader:704:25
 ❯ ModuleLoader.resolve node:internal/modules/esm/loader:687:38
 ❯ ModuleLoader.getModuleJobForImport node:internal/modules/esm/loader:305:38
 ❯ onImport.tracePromise.__proto__ node:internal/modules/esm/loader:643:36
 ❯ TracingChannel.tracePromise node:diagnostics_channel:344:14

⎯⎯⎯⎯⎯⎯⎯⎯⎯⎯⎯⎯⎯⎯⎯⎯⎯⎯⎯⎯⎯⎯⎯⎯⎯⎯⎯⎯⎯⎯
Serialized Error: { code: 'ERR_MODULE_NOT_FOUND' }

⎯⎯⎯⎯⎯⎯ Unhandled Error ⎯⎯⎯⎯⎯⎯⎯
Error: Cannot find package 'jsdom' imported from C:\Users\nacho\git\tb303-synth\node_modules\vitest\dist\chunks\index.CmSc2RE5.js
 ❯ Object.getPackageJSONURL node:internal/modules/package_json_reader:267:9
 ❯ packageResolve node:internal/modules/esm/resolve:768:81
 ❯ moduleResolve node:internal/modules/esm/resolve:854:18
 ❯ defaultResolve node:internal/modules/esm/resolve:984:11
 ❯ ModuleLoader.defaultResolve node:internal/modules/esm/loader:780:12
 ❯ ModuleLoader.#cachedDefaultResolve node:internal/modules/esm/loader:704:25
 ❯ ModuleLoader.resolve node:internal/modules/esm/loader:687:38
 ❯ ModuleLoader.getModuleJobForImport node:internal/modules/esm/loader:305:38
 ❯ onImport.tracePromise.__proto__ node:internal/modules/esm/loader:643:36
 ❯ TracingChannel.tracePromise node:diagnostics_channel:344:14

⎯⎯⎯⎯⎯⎯⎯⎯⎯⎯⎯⎯⎯⎯⎯⎯⎯⎯⎯⎯⎯⎯⎯⎯⎯⎯⎯⎯⎯⎯
Serialized Error: { code: 'ERR_MODULE_NOT_FOUND' }
⎯⎯⎯⎯⎯⎯⎯⎯⎯⎯⎯⎯⎯⎯⎯⎯⎯⎯⎯⎯⎯⎯⎯⎯⎯⎯⎯⎯⎯⎯


 Test Files  82 passed (84)
      Tests  509 passed (509)
     Errors  2 errors
   Start at  10:26:38
   Duration  2.60s (transform 2.94s, setup 7.41s, collect 10.06s, tests 5.52s, environment 14ms, prepare 8.13s)

